Archive member included to satisfy reference by file (symbol)

c:/st/stm32cubeide_1.9.0/stm32cubeide/plugins/com.st.stm32cube.ide.mcu.externaltools.gnu-tools-for-stm32.10.3-2021.10.win32_1.0.0.202111181127/tools/bin/../lib/gcc/arm-none-eabi/10.3.1/../../../../arm-none-eabi/lib/thumb/v6-m/nofp\libc_nano.a(lib_a-errno.o)
                              ./Core/Src/syscalls.o (__errno)
c:/st/stm32cubeide_1.9.0/stm32cubeide/plugins/com.st.stm32cube.ide.mcu.externaltools.gnu-tools-for-stm32.10.3-2021.10.win32_1.0.0.202111181127/tools/bin/../lib/gcc/arm-none-eabi/10.3.1/../../../../arm-none-eabi/lib/thumb/v6-m/nofp\libc_nano.a(lib_a-exit.o)
                              c:/st/stm32cubeide_1.9.0/stm32cubeide/plugins/com.st.stm32cube.ide.mcu.externaltools.gnu-tools-for-stm32.10.3-2021.10.win32_1.0.0.202111181127/tools/bin/../lib/gcc/arm-none-eabi/10.3.1/../../../../arm-none-eabi/lib/thumb/v6-m/nofp/crt0.o (exit)
c:/st/stm32cubeide_1.9.0/stm32cubeide/plugins/com.st.stm32cube.ide.mcu.externaltools.gnu-tools-for-stm32.10.3-2021.10.win32_1.0.0.202111181127/tools/bin/../lib/gcc/arm-none-eabi/10.3.1/../../../../arm-none-eabi/lib/thumb/v6-m/nofp\libc_nano.a(lib_a-impure.o)
                              c:/st/stm32cubeide_1.9.0/stm32cubeide/plugins/com.st.stm32cube.ide.mcu.externaltools.gnu-tools-for-stm32.10.3-2021.10.win32_1.0.0.202111181127/tools/bin/../lib/gcc/arm-none-eabi/10.3.1/../../../../arm-none-eabi/lib/thumb/v6-m/nofp\libc_nano.a(lib_a-exit.o) (_global_impure_ptr)
c:/st/stm32cubeide_1.9.0/stm32cubeide/plugins/com.st.stm32cube.ide.mcu.externaltools.gnu-tools-for-stm32.10.3-2021.10.win32_1.0.0.202111181127/tools/bin/../lib/gcc/arm-none-eabi/10.3.1/../../../../arm-none-eabi/lib/thumb/v6-m/nofp\libc_nano.a(lib_a-init.o)
                              c:/st/stm32cubeide_1.9.0/stm32cubeide/plugins/com.st.stm32cube.ide.mcu.externaltools.gnu-tools-for-stm32.10.3-2021.10.win32_1.0.0.202111181127/tools/bin/../lib/gcc/arm-none-eabi/10.3.1/../../../../arm-none-eabi/lib/thumb/v6-m/nofp/crt0.o (__libc_init_array)
c:/st/stm32cubeide_1.9.0/stm32cubeide/plugins/com.st.stm32cube.ide.mcu.externaltools.gnu-tools-for-stm32.10.3-2021.10.win32_1.0.0.202111181127/tools/bin/../lib/gcc/arm-none-eabi/10.3.1/../../../../arm-none-eabi/lib/thumb/v6-m/nofp\libc_nano.a(lib_a-memset.o)
                              c:/st/stm32cubeide_1.9.0/stm32cubeide/plugins/com.st.stm32cube.ide.mcu.externaltools.gnu-tools-for-stm32.10.3-2021.10.win32_1.0.0.202111181127/tools/bin/../lib/gcc/arm-none-eabi/10.3.1/../../../../arm-none-eabi/lib/thumb/v6-m/nofp/crt0.o (memset)
c:/st/stm32cubeide_1.9.0/stm32cubeide/plugins/com.st.stm32cube.ide.mcu.externaltools.gnu-tools-for-stm32.10.3-2021.10.win32_1.0.0.202111181127/tools/bin/../lib/gcc/arm-none-eabi/10.3.1/thumb/v6-m/nofp\libgcc.a(_udivsi3.o)
                              ./Core/Src/system_stm32g0xx.o (__aeabi_uidiv)
c:/st/stm32cubeide_1.9.0/stm32cubeide/plugins/com.st.stm32cube.ide.mcu.externaltools.gnu-tools-for-stm32.10.3-2021.10.win32_1.0.0.202111181127/tools/bin/../lib/gcc/arm-none-eabi/10.3.1/thumb/v6-m/nofp\libgcc.a(_dvmd_tls.o)
                              c:/st/stm32cubeide_1.9.0/stm32cubeide/plugins/com.st.stm32cube.ide.mcu.externaltools.gnu-tools-for-stm32.10.3-2021.10.win32_1.0.0.202111181127/tools/bin/../lib/gcc/arm-none-eabi/10.3.1/thumb/v6-m/nofp\libgcc.a(_udivsi3.o) (__aeabi_idiv0)

Discarded input sections

 .text          0x0000000000000000        0x0 c:/st/stm32cubeide_1.9.0/stm32cubeide/plugins/com.st.stm32cube.ide.mcu.externaltools.gnu-tools-for-stm32.10.3-2021.10.win32_1.0.0.202111181127/tools/bin/../lib/gcc/arm-none-eabi/10.3.1/thumb/v6-m/nofp/crti.o
 .data          0x0000000000000000        0x0 c:/st/stm32cubeide_1.9.0/stm32cubeide/plugins/com.st.stm32cube.ide.mcu.externaltools.gnu-tools-for-stm32.10.3-2021.10.win32_1.0.0.202111181127/tools/bin/../lib/gcc/arm-none-eabi/10.3.1/thumb/v6-m/nofp/crti.o
 .bss           0x0000000000000000        0x0 c:/st/stm32cubeide_1.9.0/stm32cubeide/plugins/com.st.stm32cube.ide.mcu.externaltools.gnu-tools-for-stm32.10.3-2021.10.win32_1.0.0.202111181127/tools/bin/../lib/gcc/arm-none-eabi/10.3.1/thumb/v6-m/nofp/crti.o
 .data          0x0000000000000000        0x4 c:/st/stm32cubeide_1.9.0/stm32cubeide/plugins/com.st.stm32cube.ide.mcu.externaltools.gnu-tools-for-stm32.10.3-2021.10.win32_1.0.0.202111181127/tools/bin/../lib/gcc/arm-none-eabi/10.3.1/thumb/v6-m/nofp/crtbegin.o
 .rodata        0x0000000000000000       0x24 c:/st/stm32cubeide_1.9.0/stm32cubeide/plugins/com.st.stm32cube.ide.mcu.externaltools.gnu-tools-for-stm32.10.3-2021.10.win32_1.0.0.202111181127/tools/bin/../lib/gcc/arm-none-eabi/10.3.1/thumb/v6-m/nofp/crtbegin.o
 .text          0x0000000000000000       0x80 c:/st/stm32cubeide_1.9.0/stm32cubeide/plugins/com.st.stm32cube.ide.mcu.externaltools.gnu-tools-for-stm32.10.3-2021.10.win32_1.0.0.202111181127/tools/bin/../lib/gcc/arm-none-eabi/10.3.1/../../../../arm-none-eabi/lib/thumb/v6-m/nofp/crt0.o
[...]
Memory Configuration

Name             Origin             Length             Attributes
RAM              0x0000000020000000 0x0000000000002000 xrw
FLASH            0x0000000008000000 0x0000000000008000 xr
*default*        0x0000000000000000 0xffffffffffffffff

Linker script and memory map

LOAD c:/st/stm32cubeide_1.9.0/stm32cubeide/plugins/com.st.stm32cube.ide.mcu.externaltools.gnu-tools-for-stm32.10.3-2021.10.win32_1.0.0.202111181127/tools/bin/../lib/gcc/arm-none-eabi/10.3.1/thumb/v6-m/nofp/crti.o
LOAD c:/st/stm32cubeide_1.9.0/stm32cubeide/plugins/com.st.stm32cube.ide.mcu.externaltools.gnu-tools-for-stm32.10.3-2021.10.win32_1.0.0.202111181127/tools/bin/../lib/gcc/arm-none-eabi/10.3.1/thumb/v6-m/nofp/crtbegin.o
LOAD c:/st/stm32cubeide_1.9.0/stm32cubeide/plugins/com.st.stm32cube.ide.mcu.externaltools.gnu-tools-for-stm32.10.3-2021.10.win32_1.0.0.202111181127/tools/bin/../lib/gcc/arm-none-eabi/10.3.1/../../../../arm-none-eabi/lib/thumb/v6-m/nofp/crt0.o
LOAD ./Core/Src/main.o
LOAD ./Core/Src/stm32g0xx_hal_msp.o
LOAD ./Core/Src/stm32g0xx_it.o
LOAD ./Core/Src/syscalls.o
LOAD ./Core/Src/sysmem.o
LOAD ./Core/Src/system_stm32g0xx.o
LOAD ./Core/Startup/startup_stm32g031j6mx.o
LOAD ./Drivers/STM32G0xx_HAL_Driver/Src/stm32g0xx_hal.o
LOAD ./Drivers/STM32G0xx_HAL_Driver/Src/stm32g0xx_hal_adc.o
LOAD ./Drivers/STM32G0xx_HAL_Driver/Src/stm32g0xx_hal_adc_ex.o
LOAD ./Drivers/STM32G0xx_HAL_Driver/Src/stm32g0xx_hal_cortex.o
LOAD ./Drivers/STM32G0xx_HAL_Driver/Src/stm32g0xx_hal_crc.o
LOAD ./Drivers/STM32G0xx_HAL_Driver/Src/stm32g0xx_hal_crc_ex.o
LOAD ./Drivers/STM32G0xx_HAL_Driver/Src/stm32g0xx_hal_dma.o
LOAD ./Drivers/STM32G0xx_HAL_Driver/Src/stm32g0xx_hal_dma_ex.o
LOAD ./Drivers/STM32G0xx_HAL_Driver/Src/stm32g0xx_hal_exti.o
LOAD ./Drivers/STM32G0xx_HAL_Driver/Src/stm32g0xx_hal_flash.o
LOAD ./Drivers/STM32G0xx_HAL_Driver/Src/stm32g0xx_hal_flash_ex.o
LOAD ./Drivers/STM32G0xx_HAL_Driver/Src/stm32g0xx_hal_gpio.o
LOAD ./Drivers/STM32G0xx_HAL_Driver/Src/stm32g0xx_hal_i2c.o
LOAD ./Drivers/STM32G0xx_HAL_Driver/Src/stm32g0xx_hal_i2c_ex.o
LOAD ./Drivers/STM32G0xx_HAL_Driver/Src/stm32g0xx_hal_pwr.o
LOAD ./Drivers/STM32G0xx_HAL_Driver/Src/stm32g0xx_hal_pwr_ex.o
LOAD ./Drivers/STM32G0xx_HAL_Driver/Src/stm32g0xx_hal_rcc.o
LOAD ./Drivers/STM32G0xx_HAL_Driver/Src/stm32g0xx_hal_rcc_ex.o
LOAD ./Drivers/STM32G0xx_HAL_Driver/Src/stm32g0xx_hal_tim.o
LOAD ./Drivers/STM32G0xx_HAL_Driver/Src/stm32g0xx_hal_tim_ex.o
LOAD ./Drivers/STM32G0xx_HAL_Driver/Src/stm32g0xx_ll_adc.o
LOAD ./Drivers/STM32G0xx_HAL_Driver/Src/stm32g0xx_ll_dma.o
LOAD ./Drivers/STM32G0xx_HAL_Driver/Src/stm32g0xx_ll_rcc.o
START GROUP
LOAD c:/st/stm32cubeide_1.9.0/stm32cubeide/plugins/com.st.stm32cube.ide.mcu.externaltools.gnu-tools-for-stm32.10.3-2021.10.win32_1.0.0.202111181127/tools/bin/../lib/gcc/arm-none-eabi/10.3.1/../../../../arm-none-eabi/lib/thumb/v6-m/nofp\libstdc++_nano.a
LOAD c:/st/stm32cubeide_1.9.0/stm32cubeide/plugins/com.st.stm32cube.ide.mcu.externaltools.gnu-tools-for-stm32.10.3-2021.10.win32_1.0.0.202111181127/tools/bin/../lib/gcc/arm-none-eabi/10.3.1/../../../../arm-none-eabi/lib/thumb/v6-m/nofp\libsupc++_nano.a
END GROUP
LOAD c:/st/stm32cubeide_1.9.0/stm32cubeide/plugins/com.st.stm32cube.ide.mcu.externaltools.gnu-tools-for-stm32.10.3-2021.10.win32_1.0.0.202111181127/tools/bin/../lib/gcc/arm-none-eabi/10.3.1/../../../../arm-none-eabi/lib/thumb/v6-m/nofp\libstdc++_nano.a
LOAD c:/st/stm32cubeide_1.9.0/stm32cubeide/plugins/com.st.stm32cube.ide.mcu.externaltools.gnu-tools-for-stm32.10.3-2021.10.win32_1.0.0.202111181127/tools/bin/../lib/gcc/arm-none-eabi/10.3.1/../../../../arm-none-eabi/lib/thumb/v6-m/nofp\libm.a
LOAD c:/st/stm32cubeide_1.9.0/stm32cubeide/plugins/com.st.stm32cube.ide.mcu.externaltools.gnu-tools-for-stm32.10.3-2021.10.win32_1.0.0.202111181127/tools/bin/../lib/gcc/arm-none-eabi/10.3.1/../../../../arm-none-eabi/lib/thumb/v6-m/nofp\libc_nano.a
START GROUP
LOAD c:/st/stm32cubeide_1.9.0/stm32cubeide/plugins/com.st.stm32cube.ide.mcu.externaltools.gnu-tools-for-stm32.10.3-2021.10.win32_1.0.0.202111181127/tools/bin/../lib/gcc/arm-none-eabi/10.3.1/thumb/v6-m/nofp\libgcc.a
LOAD c:/st/stm32cubeide_1.9.0/stm32cubeide/plugins/com.st.stm32cube.ide.mcu.externaltools.gnu-tools-for-stm32.10.3-2021.10.win32_1.0.0.202111181127/tools/bin/../lib/gcc/arm-none-eabi/10.3.1/../../../../arm-none-eabi/lib/thumb/v6-m/nofp\libc_nano.a
END GROUP
START GROUP
LOAD c:/st/stm32cubeide_1.9.0/stm32cubeide/plugins/com.st.stm32cube.ide.mcu.externaltools.gnu-tools-for-stm32.10.3-2021.10.win32_1.0.0.202111181127/tools/bin/../lib/gcc/arm-none-eabi/10.3.1/thumb/v6-m/nofp\libgcc.a
LOAD c:/st/stm32cubeide_1.9.0/stm32cubeide/plugins/com.st.stm32cube.ide.mcu.externaltools.gnu-tools-for-stm32.10.3-2021.10.win32_1.0.0.202111181127/tools/bin/../lib/gcc/arm-none-eabi/10.3.1/../../../../arm-none-eabi/lib/thumb/v6-m/nofp\libc_nano.a
LOAD c:/st/stm32cubeide_1.9.0/stm32cubeide/plugins/com.st.stm32cube.ide.mcu.externaltools.gnu-tools-for-stm32.10.3-2021.10.win32_1.0.0.202111181127/tools/bin/../lib/gcc/arm-none-eabi/10.3.1/../../../../arm-none-eabi/lib/thumb/v6-m/nofp\libnosys.a
END GROUP
START GROUP
LOAD c:/st/stm32cubeide_1.9.0/stm32cubeide/plugins/com.st.stm32cube.ide.mcu.externaltools.gnu-tools-for-stm32.10.3-2021.10.win32_1.0.0.202111181127/tools/bin/../lib/gcc/arm-none-eabi/10.3.1/thumb/v6-m/nofp\libgcc.a
LOAD c:/st/stm32cubeide_1.9.0/stm32cubeide/plugins/com.st.stm32cube.ide.mcu.externaltools.gnu-tools-for-stm32.10.3-2021.10.win32_1.0.0.202111181127/tools/bin/../lib/gcc/arm-none-eabi/10.3.1/../../../../arm-none-eabi/lib/thumb/v6-m/nofp\libc_nano.a
LOAD c:/st/stm32cubeide_1.9.0/stm32cubeide/plugins/com.st.stm32cube.ide.mcu.externaltools.gnu-tools-for-stm32.10.3-2021.10.win32_1.0.0.202111181127/tools/bin/../lib/gcc/arm-none-eabi/10.3.1/../../../../arm-none-eabi/lib/thumb/v6-m/nofp\libnosys.a
END GROUP
LOAD c:/st/stm32cubeide_1.9.0/stm32cubeide/plugins/com.st.stm32cube.ide.mcu.externaltools.gnu-tools-for-stm32.10.3-2021.10.win32_1.0.0.202111181127/tools/bin/../lib/gcc/arm-none-eabi/10.3.1/thumb/v6-m/nofp/crtend.o
LOAD c:/st/stm32cubeide_1.9.0/stm32cubeide/plugins/com.st.stm32cube.ide.mcu.externaltools.gnu-tools-for-stm32.10.3-2021.10.win32_1.0.0.202111181127/tools/bin/../lib/gcc/arm-none-eabi/10.3.1/thumb/v6-m/nofp/crtn.o
                0x0000000020002000                _estack = (ORIGIN (RAM) + LENGTH (RAM))
                0x0000000000000200                _Min_Heap_Size = 0x200
                0x0000000000000400                _Min_Stack_Size = 0x400

.isr_vector     0x0000000008000000       0xbc
                0x0000000008000000                . = ALIGN (0x4)
 *(.isr_vector)
 .isr_vector    0x0000000008000000       0xbc ./Core/Startup/startup_stm32g031j6mx.o
                0x0000000008000000                g_pfnVectors
                0x00000000080000bc                . = ALIGN (0x4)

.text           0x00000000080000bc     0x4ad4
                0x00000000080000bc                . = ALIGN (0x4)
 *(.text)
 .text          0x00000000080000bc       0x48 c:/st/stm32cubeide_1.9.0/stm32cubeide/plugins/com.st.stm32cube.ide.mcu.externaltools.gnu-tools-for-stm32.10.3-2021.10.win32_1.0.0.202111181127/tools/bin/../lib/gcc/arm-none-eabi/10.3.1/thumb/v6-m/nofp/crtbegin.o
 .text          0x0000000008000104      0x114 c:/st/stm32cubeide_1.9.0/stm32cubeide/plugins/com.st.stm32cube.ide.mcu.externaltools.gnu-tools-for-stm32.10.3-2021.10.win32_1.0.0.202111181127/tools/bin/../lib/gcc/arm-none-eabi/10.3.1/thumb/v6-m/nofp\libgcc.a(_udivsi3.o)
                0x0000000008000104                __aeabi_uidiv
                0x0000000008000104                __udivsi3
                0x0000000008000210                __aeabi_uidivmod
 .text          0x0000000008000218        0x4 c:/st/stm32cubeide_1.9.0/stm32cubeide/plugins/com.st.stm32cube.ide.mcu.externaltools.gnu-tools-for-stm32.10.3-2021.10.win32_1.0.0.202111181127/tools/bin/../lib/gcc/arm-none-eabi/10.3.1/thumb/v6-m/nofp\libgcc.a(_dvmd_tls.o)
                0x0000000008000218                __aeabi_idiv0
                0x0000000008000218                __aeabi_ldiv0
 *(.text*)
 .text.HAL_TIM_PeriodElapsedCallback
                0x000000000800021c       0x4c ./Core/Src/main.o
                0x000000000800021c                HAL_TIM_PeriodElapsedCallback
 .text.main     0x0000000008000268       0xb0 ./Core/Src/main.o
                0x0000000008000268                main
 .text.SystemClock_Config
                0x0000000008000318       0xbc ./Core/Src/main.o
                0x0000000008000318                SystemClock_Config
 .text.MX_ADC1_Init
                0x00000000080003d4       0xd0 ./Core/Src/main.o
 .text.MX_CRC_Init
                0x00000000080004a4       0x48 ./Core/Src/main.o
 .text.MX_I2C1_Init
                0x00000000080004ec       0x84 ./Core/Src/main.o
 .text.MX_TIM16_Init
                0x0000000008000570       0x50 ./Core/Src/main.o
 .text.MX_DMA_Init
                0x00000000080005c0       0x3c ./Core/Src/main.o
 .text.MX_GPIO_Init
                0x00000000080005fc       0x8c ./Core/Src/main.o
 .text.HAL_I2C_SlaveTxCpltCallback
                0x0000000008000688       0x2c ./Core/Src/main.o
                0x0000000008000688                HAL_I2C_SlaveTxCpltCallback
 .text.HAL_I2C_SlaveRxCpltCallback
                0x00000000080006b4       0x44 ./Core/Src/main.o
                0x00000000080006b4                HAL_I2C_SlaveRxCpltCallback
 .text.HAL_I2C_AddrCallback
                0x00000000080006f8       0x88 ./Core/Src/main.o
                0x00000000080006f8                HAL_I2C_AddrCallback
 .text.HAL_I2C_ListenCpltCallback
                0x0000000008000780       0x10 ./Core/Src/main.o
                0x0000000008000780                HAL_I2C_ListenCpltCallback
 .text.HAL_I2C_ErrorCallback
                0x0000000008000790       0x22 ./Core/Src/main.o
                0x0000000008000790                HAL_I2C_ErrorCallback
 .text.Error_Handler
                0x00000000080007b2        0xa ./Core/Src/main.o
                0x00000000080007b2                Error_Handler
 .text.HAL_MspInit
                0x00000000080007bc       0x4c ./Core/Src/stm32g0xx_hal_msp.o
                0x00000000080007bc                HAL_MspInit
 .text.HAL_ADC_MspInit
                0x0000000008000808       0xcc ./Core/Src/stm32g0xx_hal_msp.o
                0x0000000008000808                HAL_ADC_MspInit
 .text.HAL_CRC_MspInit
                0x00000000080008d4       0x40 ./Core/Src/stm32g0xx_hal_msp.o
                0x00000000080008d4                HAL_CRC_MspInit
 .text.HAL_I2C_MspInit
                0x0000000008000914      0x120 ./Core/Src/stm32g0xx_hal_msp.o
                0x0000000008000914                HAL_I2C_MspInit
 .text.HAL_TIM_Base_MspInit
                0x0000000008000a34       0x50 ./Core/Src/stm32g0xx_hal_msp.o
                0x0000000008000a34                HAL_TIM_Base_MspInit
 .text.NMI_Handler
                0x0000000008000a84        0x6 ./Core/Src/stm32g0xx_it.o
                0x0000000008000a84                NMI_Handler
 .text.HardFault_Handler
                0x0000000008000a8a        0x6 ./Core/Src/stm32g0xx_it.o
                0x0000000008000a8a                HardFault_Handler
 .text.SVC_Handler
                0x0000000008000a90        0xa ./Core/Src/stm32g0xx_it.o
                0x0000000008000a90                SVC_Handler
 .text.PendSV_Handler
                0x0000000008000a9a        0xa ./Core/Src/stm32g0xx_it.o
                0x0000000008000a9a                PendSV_Handler
 .text.SysTick_Handler
                0x0000000008000aa4        0xe ./Core/Src/stm32g0xx_it.o
                0x0000000008000aa4                SysTick_Handler
 *fill*         0x0000000008000ab2        0x2 
 .text.DMA1_Channel1_IRQHandler
                0x0000000008000ab4       0x18 ./Core/Src/stm32g0xx_it.o
                0x0000000008000ab4                DMA1_Channel1_IRQHandler
 .text.TIM16_IRQHandler
                0x0000000008000acc       0x18 ./Core/Src/stm32g0xx_it.o
                0x0000000008000acc                TIM16_IRQHandler
 .text.I2C1_IRQHandler
                0x0000000008000ae4       0x30 ./Core/Src/stm32g0xx_it.o
                0x0000000008000ae4                I2C1_IRQHandler
 .text.SystemInit
                0x0000000008000b14        0xa ./Core/Src/system_stm32g0xx.o
                0x0000000008000b14                SystemInit
 *fill*         0x0000000008000b1e        0x2 
 .text.Reset_Handler
                0x0000000008000b20       0x50 ./Core/Startup/startup_stm32g031j6mx.o
                0x0000000008000b20                Reset_Handler
 .text.Default_Handler
                0x0000000008000b70        0x2 ./Core/Startup/startup_stm32g031j6mx.o
                0x0000000008000b70                TIM1_CC_IRQHandler
                0x0000000008000b70                PVD_IRQHandler
                0x0000000008000b70                LPTIM2_IRQHandler
                0x0000000008000b70                RTC_TAMP_IRQHandler
                0x0000000008000b70                SPI1_IRQHandler
                0x0000000008000b70                DMA1_Ch4_5_DMAMUX1_OVR_IRQHandler
                0x0000000008000b70                EXTI2_3_IRQHandler
                0x0000000008000b70                ADC1_IRQHandler
                0x0000000008000b70                I2C2_IRQHandler
                0x0000000008000b70                TIM17_IRQHandler
                0x0000000008000b70                TIM3_IRQHandler
                0x0000000008000b70                EXTI4_15_IRQHandler
                0x0000000008000b70                RCC_IRQHandler
                0x0000000008000b70                Default_Handler
                0x0000000008000b70                TIM14_IRQHandler
                0x0000000008000b70                EXTI0_1_IRQHandler
                0x0000000008000b70                SPI2_IRQHandler
                0x0000000008000b70                WWDG_IRQHandler
                0x0000000008000b70                LPUART1_IRQHandler
                0x0000000008000b70                TIM2_IRQHandler
                0x0000000008000b70                DMA1_Channel2_3_IRQHandler
                0x0000000008000b70                USART2_IRQHandler
                0x0000000008000b70                FLASH_IRQHandler
                0x0000000008000b70                USART1_IRQHandler
                0x0000000008000b70                TIM1_BRK_UP_TRG_COM_IRQHandler
                0x0000000008000b70                LPTIM1_IRQHandler
 *fill*         0x0000000008000b72        0x2 
 .text.HAL_Init
                0x0000000008000b74       0x40 ./Drivers/STM32G0xx_HAL_Driver/Src/stm32g0xx_hal.o
                0x0000000008000b74                HAL_Init
 .text.HAL_InitTick
                0x0000000008000bb4       0x94 ./Drivers/STM32G0xx_HAL_Driver/Src/stm32g0xx_hal.o
                0x0000000008000bb4                HAL_InitTick
 .text.HAL_IncTick
                0x0000000008000c48       0x24 ./Drivers/STM32G0xx_HAL_Driver/Src/stm32g0xx_hal.o
                0x0000000008000c48                HAL_IncTick
 .text.HAL_GetTick
                0x0000000008000c6c       0x14 ./Drivers/STM32G0xx_HAL_Driver/Src/stm32g0xx_hal.o
                0x0000000008000c6c                HAL_GetTick
 .text.HAL_Delay
                0x0000000008000c80       0x48 ./Drivers/STM32G0xx_HAL_Driver/Src/stm32g0xx_hal.o
                0x0000000008000c80                HAL_Delay
 .text.HAL_SYSCFG_EnableRemap
                0x0000000008000cc8       0x20 ./Drivers/STM32G0xx_HAL_Driver/Src/stm32g0xx_hal.o
                0x0000000008000cc8                HAL_SYSCFG_EnableRemap
 .text.LL_ADC_SetCommonPathInternalCh
                0x0000000008000ce8       0x28 ./Drivers/STM32G0xx_HAL_Driver/Src/stm32g0xx_hal_adc.o
 .text.LL_ADC_GetCommonPathInternalCh
                0x0000000008000d10       0x1a ./Drivers/STM32G0xx_HAL_Driver/Src/stm32g0xx_hal_adc.o
 .text.LL_ADC_SetSamplingTimeCommonChannels
                0x0000000008000d2a       0x3a ./Drivers/STM32G0xx_HAL_Driver/Src/stm32g0xx_hal_adc.o
 .text.LL_ADC_GetSamplingTimeCommonChannels
                0x0000000008000d64       0x2e ./Drivers/STM32G0xx_HAL_Driver/Src/stm32g0xx_hal_adc.o
 .text.LL_ADC_REG_SetSequencerRanks
                0x0000000008000d92       0x40 ./Drivers/STM32G0xx_HAL_Driver/Src/stm32g0xx_hal_adc.o
 .text.LL_ADC_REG_SetSequencerChAdd
                0x0000000008000dd2       0x22 ./Drivers/STM32G0xx_HAL_Driver/Src/stm32g0xx_hal_adc.o
 .text.LL_ADC_REG_SetSequencerChRem
                0x0000000008000df4       0x24 ./Drivers/STM32G0xx_HAL_Driver/Src/stm32g0xx_hal_adc.o
 .text.LL_ADC_SetChannelSamplingTime
                0x0000000008000e18       0x38 ./Drivers/STM32G0xx_HAL_Driver/Src/stm32g0xx_hal_adc.o
 .text.LL_ADC_EnableInternalRegulator
                0x0000000008000e50       0x28 ./Drivers/STM32G0xx_HAL_Driver/Src/stm32g0xx_hal_adc.o
 .text.LL_ADC_IsInternalRegulatorEnabled
                0x0000000008000e78       0x28 ./Drivers/STM32G0xx_HAL_Driver/Src/stm32g0xx_hal_adc.o
 .text.LL_ADC_IsEnabled
                0x0000000008000ea0       0x22 ./Drivers/STM32G0xx_HAL_Driver/Src/stm32g0xx_hal_adc.o
 .text.LL_ADC_REG_IsConversionOngoing
                0x0000000008000ec2       0x22 ./Drivers/STM32G0xx_HAL_Driver/Src/stm32g0xx_hal_adc.o
 .text.HAL_ADC_Init
                0x0000000008000ee4      0x350 ./Drivers/STM32G0xx_HAL_Driver/Src/stm32g0xx_hal_adc.o
                0x0000000008000ee4                HAL_ADC_Init
 .text.HAL_ADC_ConfigChannel
                0x0000000008001234      0x3b0 ./Drivers/STM32G0xx_HAL_Driver/Src/stm32g0xx_hal_adc.o
                0x0000000008001234                HAL_ADC_ConfigChannel
 .text.__NVIC_EnableIRQ
                0x00000000080015e4       0x34 ./Drivers/STM32G0xx_HAL_Driver/Src/stm32g0xx_hal_cortex.o
 .text.__NVIC_SetPriority
                0x0000000008001618       0xdc ./Drivers/STM32G0xx_HAL_Driver/Src/stm32g0xx_hal_cortex.o
 .text.SysTick_Config
                0x00000000080016f4       0x48 ./Drivers/STM32G0xx_HAL_Driver/Src/stm32g0xx_hal_cortex.o
 .text.HAL_NVIC_SetPriority
                0x000000000800173c       0x2a ./Drivers/STM32G0xx_HAL_Driver/Src/stm32g0xx_hal_cortex.o
                0x000000000800173c                HAL_NVIC_SetPriority
 .text.HAL_NVIC_EnableIRQ
                0x0000000008001766       0x20 ./Drivers/STM32G0xx_HAL_Driver/Src/stm32g0xx_hal_cortex.o
                0x0000000008001766                HAL_NVIC_EnableIRQ
 .text.HAL_SYSTICK_Config
                0x0000000008001786       0x1a ./Drivers/STM32G0xx_HAL_Driver/Src/stm32g0xx_hal_cortex.o
                0x0000000008001786                HAL_SYSTICK_Config
 .text.HAL_CRC_Init
                0x00000000080017a0       0xcc ./Drivers/STM32G0xx_HAL_Driver/Src/stm32g0xx_hal_crc.o
                0x00000000080017a0                HAL_CRC_Init
 .text.HAL_CRCEx_Polynomial_Set
                0x000000000800186c       0xda ./Drivers/STM32G0xx_HAL_Driver/Src/stm32g0xx_hal_crc_ex.o
                0x000000000800186c                HAL_CRCEx_Polynomial_Set
 *fill*         0x0000000008001946        0x2 
 .text.HAL_DMA_Init
                0x0000000008001948      0x114 ./Drivers/STM32G0xx_HAL_Driver/Src/stm32g0xx_hal_dma.o
                0x0000000008001948                HAL_DMA_Init
 .text.HAL_DMA_Abort_IT
                0x0000000008001a5c       0xd4 ./Drivers/STM32G0xx_HAL_Driver/Src/stm32g0xx_hal_dma.o
                0x0000000008001a5c                HAL_DMA_Abort_IT
 .text.HAL_DMA_IRQHandler
                0x0000000008001b30      0x164 ./Drivers/STM32G0xx_HAL_Driver/Src/stm32g0xx_hal_dma.o
                0x0000000008001b30                HAL_DMA_IRQHandler
 .text.HAL_DMA_GetState
                0x0000000008001c94       0x18 ./Drivers/STM32G0xx_HAL_Driver/Src/stm32g0xx_hal_dma.o
                0x0000000008001c94                HAL_DMA_GetState
 .text.DMA_CalcDMAMUXChannelBaseAndMask
                0x0000000008001cac       0x58 ./Drivers/STM32G0xx_HAL_Driver/Src/stm32g0xx_hal_dma.o
 .text.DMA_CalcDMAMUXRequestGenBaseAndMask
                0x0000000008001d04       0x48 ./Drivers/STM32G0xx_HAL_Driver/Src/stm32g0xx_hal_dma.o
 .text.HAL_GPIO_Init
                0x0000000008001d4c      0x2c8 ./Drivers/STM32G0xx_HAL_Driver/Src/stm32g0xx_hal_gpio.o
                0x0000000008001d4c                HAL_GPIO_Init
 .text.HAL_GPIO_WritePin
                0x0000000008002014       0x3a ./Drivers/STM32G0xx_HAL_Driver/Src/stm32g0xx_hal_gpio.o
                0x0000000008002014                HAL_GPIO_WritePin
 .text.HAL_GPIO_TogglePin
                0x000000000800204e       0x36 ./Drivers/STM32G0xx_HAL_Driver/Src/stm32g0xx_hal_gpio.o
                0x000000000800204e                HAL_GPIO_TogglePin
 .text.HAL_I2C_Init
                0x0000000008002084      0x12c ./Drivers/STM32G0xx_HAL_Driver/Src/stm32g0xx_hal_i2c.o
                0x0000000008002084                HAL_I2C_Init
 .text.HAL_I2C_Slave_Seq_Transmit_IT
                0x00000000080021b0      0x160 ./Drivers/STM32G0xx_HAL_Driver/Src/stm32g0xx_hal_i2c.o
                0x00000000080021b0                HAL_I2C_Slave_Seq_Transmit_IT
 .text.HAL_I2C_Slave_Seq_Receive_IT
                0x0000000008002310      0x164 ./Drivers/STM32G0xx_HAL_Driver/Src/stm32g0xx_hal_i2c.o
                0x0000000008002310                HAL_I2C_Slave_Seq_Receive_IT
 .text.HAL_I2C_EnableListen_IT
                0x0000000008002474       0x44 ./Drivers/STM32G0xx_HAL_Driver/Src/stm32g0xx_hal_i2c.o
                0x0000000008002474                HAL_I2C_EnableListen_IT
 .text.HAL_I2C_EV_IRQHandler
                0x00000000080024b8       0x34 ./Drivers/STM32G0xx_HAL_Driver/Src/stm32g0xx_hal_i2c.o
                0x00000000080024b8                HAL_I2C_EV_IRQHandler
 .text.HAL_I2C_ER_IRQHandler
                0x00000000080024ec       0xc4 ./Drivers/STM32G0xx_HAL_Driver/Src/stm32g0xx_hal_i2c.o
                0x00000000080024ec                HAL_I2C_ER_IRQHandler
 .text.HAL_I2C_MasterTxCpltCallback
                0x00000000080025b0       0x10 ./Drivers/STM32G0xx_HAL_Driver/Src/stm32g0xx_hal_i2c.o
                0x00000000080025b0                HAL_I2C_MasterTxCpltCallback
 .text.HAL_I2C_MasterRxCpltCallback
                0x00000000080025c0       0x10 ./Drivers/STM32G0xx_HAL_Driver/Src/stm32g0xx_hal_i2c.o
                0x00000000080025c0                HAL_I2C_MasterRxCpltCallback
 .text.HAL_I2C_MemTxCpltCallback
                0x00000000080025d0       0x10 ./Drivers/STM32G0xx_HAL_Driver/Src/stm32g0xx_hal_i2c.o
                0x00000000080025d0                HAL_I2C_MemTxCpltCallback
 .text.HAL_I2C_MemRxCpltCallback
                0x00000000080025e0       0x10 ./Drivers/STM32G0xx_HAL_Driver/Src/stm32g0xx_hal_i2c.o
                0x00000000080025e0                HAL_I2C_MemRxCpltCallback
 .text.HAL_I2C_AbortCpltCallback
                0x00000000080025f0       0x10 ./Drivers/STM32G0xx_HAL_Driver/Src/stm32g0xx_hal_i2c.o
                0x00000000080025f0                HAL_I2C_AbortCpltCallback
 .text.HAL_I2C_GetError
                0x0000000008002600       0x14 ./Drivers/STM32G0xx_HAL_Driver/Src/stm32g0xx_hal_i2c.o
                0x0000000008002600                HAL_I2C_GetError
 .text.I2C_Slave_ISR_IT
                0x0000000008002614      0x228 ./Drivers/STM32G0xx_HAL_Driver/Src/stm32g0xx_hal_i2c.o
 .text.I2C_Master_ISR_DMA
                0x000000000800283c      0x218 ./Drivers/STM32G0xx_HAL_Driver/Src/stm32g0xx_hal_i2c.o
 .text.I2C_Slave_ISR_DMA
                0x0000000008002a54      0x1ec ./Drivers/STM32G0xx_HAL_Driver/Src/stm32g0xx_hal_i2c.o
 .text.I2C_ITAddrCplt
                0x0000000008002c40      0x148 ./Drivers/STM32G0xx_HAL_Driver/Src/stm32g0xx_hal_i2c.o
 .text.I2C_ITMasterSeqCplt
                0x0000000008002d88       0x82 ./Drivers/STM32G0xx_HAL_Driver/Src/stm32g0xx_hal_i2c.o
 *fill*         0x0000000008002e0a        0x2 
 .text.I2C_ITSlaveSeqCplt
                0x0000000008002e0c       0xcc ./Drivers/STM32G0xx_HAL_Driver/Src/stm32g0xx_hal_i2c.o
 .text.I2C_ITMasterCplt
                0x0000000008002ed8      0x1a4 ./Drivers/STM32G0xx_HAL_Driver/Src/stm32g0xx_hal_i2c.o
 .text.I2C_ITSlaveCplt
                0x000000000800307c      0x248 ./Drivers/STM32G0xx_HAL_Driver/Src/stm32g0xx_hal_i2c.o
 .text.I2C_ITListenCplt
                0x00000000080032c4       0xb4 ./Drivers/STM32G0xx_HAL_Driver/Src/stm32g0xx_hal_i2c.o
 .text.I2C_ITError
                0x0000000008003378      0x1c4 ./Drivers/STM32G0xx_HAL_Driver/Src/stm32g0xx_hal_i2c.o
 .text.I2C_TreatErrorCallback
                0x000000000800353c       0x52 ./Drivers/STM32G0xx_HAL_Driver/Src/stm32g0xx_hal_i2c.o
 .text.I2C_Flush_TXDR
                0x000000000800358e       0x44 ./Drivers/STM32G0xx_HAL_Driver/Src/stm32g0xx_hal_i2c.o
 .text.I2C_DMAAbort
                0x00000000080035d2       0x3e ./Drivers/STM32G0xx_HAL_Driver/Src/stm32g0xx_hal_i2c.o
 .text.I2C_TransferConfig
                0x0000000008003610       0x74 ./Drivers/STM32G0xx_HAL_Driver/Src/stm32g0xx_hal_i2c.o
 .text.I2C_Enable_IRQ
                0x0000000008003684       0xd0 ./Drivers/STM32G0xx_HAL_Driver/Src/stm32g0xx_hal_i2c.o
 .text.I2C_Disable_IRQ
                0x0000000008003754       0xc6 ./Drivers/STM32G0xx_HAL_Driver/Src/stm32g0xx_hal_i2c.o
 *fill*         0x000000000800381a        0x2 
 .text.HAL_I2CEx_ConfigAnalogFilter
                0x000000000800381c       0x98 ./Drivers/STM32G0xx_HAL_Driver/Src/stm32g0xx_hal_i2c_ex.o
                0x000000000800381c                HAL_I2CEx_ConfigAnalogFilter
 .text.HAL_I2CEx_ConfigDigitalFilter
                0x00000000080038b4       0x98 ./Drivers/STM32G0xx_HAL_Driver/Src/stm32g0xx_hal_i2c_ex.o
                0x00000000080038b4                HAL_I2CEx_ConfigDigitalFilter
 .text.HAL_PWREx_ControlVoltageScaling
                0x000000000800394c       0x80 ./Drivers/STM32G0xx_HAL_Driver/Src/stm32g0xx_hal_pwr_ex.o
                0x000000000800394c                HAL_PWREx_ControlVoltageScaling
 .text.HAL_RCC_OscConfig
                0x00000000080039cc      0x634 ./Drivers/STM32G0xx_HAL_Driver/Src/stm32g0xx_hal_rcc.o
                0x00000000080039cc                HAL_RCC_OscConfig
 .text.HAL_RCC_ClockConfig
                0x0000000008004000      0x210 ./Drivers/STM32G0xx_HAL_Driver/Src/stm32g0xx_hal_rcc.o
                0x0000000008004000                HAL_RCC_ClockConfig
 .text.HAL_RCC_GetSysClockFreq
                0x0000000008004210      0x104 ./Drivers/STM32G0xx_HAL_Driver/Src/stm32g0xx_hal_rcc.o
                0x0000000008004210                HAL_RCC_GetSysClockFreq
 .text.HAL_RCCEx_PeriphCLKConfig
                0x0000000008004314      0x2f4 ./Drivers/STM32G0xx_HAL_Driver/Src/stm32g0xx_hal_rcc_ex.o
                0x0000000008004314                HAL_RCCEx_PeriphCLKConfig
 .text.HAL_TIM_Base_Init
                0x0000000008004608       0xb0 ./Drivers/STM32G0xx_HAL_Driver/Src/stm32g0xx_hal_tim.o
                0x0000000008004608                HAL_TIM_Base_Init
 .text.HAL_TIM_Base_Start_IT
                0x00000000080046b8       0xa8 ./Drivers/STM32G0xx_HAL_Driver/Src/stm32g0xx_hal_tim.o
                0x00000000080046b8                HAL_TIM_Base_Start_IT
 .text.HAL_TIM_IRQHandler
                0x0000000008004760      0x264 ./Drivers/STM32G0xx_HAL_Driver/Src/stm32g0xx_hal_tim.o
                0x0000000008004760                HAL_TIM_IRQHandler
 .text.HAL_TIM_OC_DelayElapsedCallback
                0x00000000080049c4       0x10 ./Drivers/STM32G0xx_HAL_Driver/Src/stm32g0xx_hal_tim.o
                0x00000000080049c4                HAL_TIM_OC_DelayElapsedCallback
 .text.HAL_TIM_IC_CaptureCallback
                0x00000000080049d4       0x10 ./Drivers/STM32G0xx_HAL_Driver/Src/stm32g0xx_hal_tim.o
                0x00000000080049d4                HAL_TIM_IC_CaptureCallback
 .text.HAL_TIM_PWM_PulseFinishedCallback
                0x00000000080049e4       0x10 ./Drivers/STM32G0xx_HAL_Driver/Src/stm32g0xx_hal_tim.o
                0x00000000080049e4                HAL_TIM_PWM_PulseFinishedCallback
 .text.HAL_TIM_TriggerCallback
                0x00000000080049f4       0x10 ./Drivers/STM32G0xx_HAL_Driver/Src/stm32g0xx_hal_tim.o
                0x00000000080049f4                HAL_TIM_TriggerCallback
 .text.TIM_Base_SetConfig
                0x0000000008004a04       0xec ./Drivers/STM32G0xx_HAL_Driver/Src/stm32g0xx_hal_tim.o
                0x0000000008004a04                TIM_Base_SetConfig
 .text.HAL_TIMEx_CommutCallback
                0x0000000008004af0       0x10 ./Drivers/STM32G0xx_HAL_Driver/Src/stm32g0xx_hal_tim_ex.o
                0x0000000008004af0                HAL_TIMEx_CommutCallback
 .text.HAL_TIMEx_BreakCallback
                0x0000000008004b00       0x10 ./Drivers/STM32G0xx_HAL_Driver/Src/stm32g0xx_hal_tim_ex.o
                0x0000000008004b00                HAL_TIMEx_BreakCallback
 .text.HAL_TIMEx_Break2Callback
                0x0000000008004b10       0x10 ./Drivers/STM32G0xx_HAL_Driver/Src/stm32g0xx_hal_tim_ex.o
                0x0000000008004b10                HAL_TIMEx_Break2Callback
 .text.__libc_init_array
                0x0000000008004b20       0x48 c:/st/stm32cubeide_1.9.0/stm32cubeide/plugins/com.st.stm32cube.ide.mcu.externaltools.gnu-tools-for-stm32.10.3-2021.10.win32_1.0.0.202111181127/tools/bin/../lib/gcc/arm-none-eabi/10.3.1/../../../../arm-none-eabi/lib/thumb/v6-m/nofp\libc_nano.a(lib_a-init.o)
                0x0000000008004b20                __libc_init_array
 .text.memset   0x0000000008004b68       0x10 c:/st/stm32cubeide_1.9.0/stm32cubeide/plugins/com.st.stm32cube.ide.mcu.externaltools.gnu-tools-for-stm32.10.3-2021.10.win32_1.0.0.202111181127/tools/bin/../lib/gcc/arm-none-eabi/10.3.1/../../../../arm-none-eabi/lib/thumb/v6-m/nofp\libc_nano.a(lib_a-memset.o)
                0x0000000008004b68                memset
 *(.glue_7)
 .glue_7        0x0000000008004b78        0x0 linker stubs
 *(.glue_7t)
 .glue_7t       0x0000000008004b78        0x0 linker stubs
 *(.eh_frame)
 .eh_frame      0x0000000008004b78        0x0 c:/st/stm32cubeide_1.9.0/stm32cubeide/plugins/com.st.stm32cube.ide.mcu.externaltools.gnu-tools-for-stm32.10.3-2021.10.win32_1.0.0.202111181127/tools/bin/../lib/gcc/arm-none-eabi/10.3.1/thumb/v6-m/nofp/crtbegin.o
 *(.init)
 .init          0x0000000008004b78        0x4 c:/st/stm32cubeide_1.9.0/stm32cubeide/plugins/com.st.stm32cube.ide.mcu.externaltools.gnu-tools-for-stm32.10.3-2021.10.win32_1.0.0.202111181127/tools/bin/../lib/gcc/arm-none-eabi/10.3.1/thumb/v6-m/nofp/crti.o
                0x0000000008004b78                _init
 .init          0x0000000008004b7c        0x8 c:/st/stm32cubeide_1.9.0/stm32cubeide/plugins/com.st.stm32cube.ide.mcu.externaltools.gnu-tools-for-stm32.10.3-2021.10.win32_1.0.0.202111181127/tools/bin/../lib/gcc/arm-none-eabi/10.3.1/thumb/v6-m/nofp/crtn.o
 *(.fini)
 .fini          0x0000000008004b84        0x4 c:/st/stm32cubeide_1.9.0/stm32cubeide/plugins/com.st.stm32cube.ide.mcu.externaltools.gnu-tools-for-stm32.10.3-2021.10.win32_1.0.0.202111181127/tools/bin/../lib/gcc/arm-none-eabi/10.3.1/thumb/v6-m/nofp/crti.o
                0x0000000008004b84                _fini
 .fini          0x0000000008004b88        0x8 c:/st/stm32cubeide_1.9.0/stm32cubeide/plugins/com.st.stm32cube.ide.mcu.externaltools.gnu-tools-for-stm32.10.3-2021.10.win32_1.0.0.202111181127/tools/bin/../lib/gcc/arm-none-eabi/10.3.1/thumb/v6-m/nofp/crtn.o
                0x0000000008004b90                . = ALIGN (0x4)
                0x0000000008004b90                _etext = .

.vfp11_veneer   0x0000000008004b90        0x0
 .vfp11_veneer  0x0000000008004b90        0x0 linker stubs

.v4_bx          0x0000000008004b90        0x0
 .v4_bx         0x0000000008004b90        0x0 linker stubs

.iplt           0x0000000008004b90        0x0
 .iplt          0x0000000008004b90        0x0 c:/st/stm32cubeide_1.9.0/stm32cubeide/plugins/com.st.stm32cube.ide.mcu.externaltools.gnu-tools-for-stm32.10.3-2021.10.win32_1.0.0.202111181127/tools/bin/../lib/gcc/arm-none-eabi/10.3.1/thumb/v6-m/nofp/crtbegin.o

.rodata         0x0000000008004b90       0x40
                0x0000000008004b90                . = ALIGN (0x4)
 *(.rodata)
 *(.rodata*)
 .rodata.AHBPrescTable
                0x0000000008004b90       0x40 ./Core/Src/system_stm32g0xx.o
                0x0000000008004b90                AHBPrescTable
                0x0000000008004bd0                . = ALIGN (0x4)

.rel.dyn        0x0000000008004bd0        0x0
 .rel.iplt      0x0000000008004bd0        0x0 c:/st/stm32cubeide_1.9.0/stm32cubeide/plugins/com.st.stm32cube.ide.mcu.externaltools.gnu-tools-for-stm32.10.3-2021.10.win32_1.0.0.202111181127/tools/bin/../lib/gcc/arm-none-eabi/10.3.1/thumb/v6-m/nofp/crtbegin.o

.ARM.extab      0x0000000008004bd0        0x0
                0x0000000008004bd0                . = ALIGN (0x4)
 *(.ARM.extab* .gnu.linkonce.armextab.*)
                0x0000000008004bd0                . = ALIGN (0x4)

.ARM            0x0000000008004bd0        0x0
                0x0000000008004bd0                . = ALIGN (0x4)
                0x0000000008004bd0                __exidx_start = .
 *(.ARM.exidx*)
                0x0000000008004bd0                __exidx_end = .
                0x0000000008004bd0                . = ALIGN (0x4)

.preinit_array  0x0000000008004bd0        0x0
                0x0000000008004bd0                . = ALIGN (0x4)
                0x0000000008004bd0                PROVIDE (__preinit_array_start = .)
 *(.preinit_array*)
                0x0000000008004bd0                PROVIDE (__preinit_array_end = .)
                0x0000000008004bd0                . = ALIGN (0x4)

.init_array     0x0000000008004bd0        0x4
                0x0000000008004bd0                . = ALIGN (0x4)
                0x0000000008004bd0                PROVIDE (__init_array_start = .)
 *(SORT_BY_NAME(.init_array.*))
 *(.init_array*)
 .init_array    0x0000000008004bd0        0x4 c:/st/stm32cubeide_1.9.0/stm32cubeide/plugins/com.st.stm32cube.ide.mcu.externaltools.gnu-tools-for-stm32.10.3-2021.10.win32_1.0.0.202111181127/tools/bin/../lib/gcc/arm-none-eabi/10.3.1/thumb/v6-m/nofp/crtbegin.o
                0x0000000008004bd4                PROVIDE (__init_array_end = .)
                0x0000000008004bd4                . = ALIGN (0x4)

.fini_array     0x0000000008004bd4        0x4
                0x0000000008004bd4                . = ALIGN (0x4)
                [!provide]                        PROVIDE (__fini_array_start = .)
 *(SORT_BY_NAME(.fini_array.*))
 *(.fini_array*)
 .fini_array    0x0000000008004bd4        0x4 c:/st/stm32cubeide_1.9.0/stm32cubeide/plugins/com.st.stm32cube.ide.mcu.externaltools.gnu-tools-for-stm32.10.3-2021.10.win32_1.0.0.202111181127/tools/bin/../lib/gcc/arm-none-eabi/10.3.1/thumb/v6-m/nofp/crtbegin.o
                [!provide]                        PROVIDE (__fini_array_end = .)
                0x0000000008004bd8                . = ALIGN (0x4)
                0x0000000008004bd8                _sidata = LOADADDR (.data)

.data           0x0000000020000000        0xc load address 0x0000000008004bd8
                0x0000000020000000                . = ALIGN (0x4)
                0x0000000020000000                _sdata = .
 *(.data)
 *(.data*)
 .data.SystemCoreClock
                0x0000000020000000        0x4 ./Core/Src/system_stm32g0xx.o
                0x0000000020000000                SystemCoreClock
 .data.uwTickPrio
                0x0000000020000004        0x4 ./Drivers/STM32G0xx_HAL_Driver/Src/stm32g0xx_hal.o
                0x0000000020000004                uwTickPrio
 .data.uwTickFreq
                0x0000000020000008        0x1 ./Drivers/STM32G0xx_HAL_Driver/Src/stm32g0xx_hal.o
                0x0000000020000008                uwTickFreq
 *(.RamFunc)
 *(.RamFunc*)
                0x000000002000000c                . = ALIGN (0x4)
 *fill*         0x0000000020000009        0x3 
                0x000000002000000c                _edata = .

.igot.plt       0x000000002000000c        0x0 load address 0x0000000008004be4
 .igot.plt      0x000000002000000c        0x0 c:/st/stm32cubeide_1.9.0/stm32cubeide/plugins/com.st.stm32cube.ide.mcu.externaltools.gnu-tools-for-stm32.10.3-2021.10.win32_1.0.0.202111181127/tools/bin/../lib/gcc/arm-none-eabi/10.3.1/thumb/v6-m/nofp/crtbegin.o
                0x000000002000000c                . = ALIGN (0x4)

.bss            0x000000002000000c      0x1d0 load address 0x0000000008004be4
                0x000000002000000c                _sbss = .
                0x000000002000000c                __bss_start__ = _sbss
 *(.bss)
 .bss           0x000000002000000c       0x1c c:/st/stm32cubeide_1.9.0/stm32cubeide/plugins/com.st.stm32cube.ide.mcu.externaltools.gnu-tools-for-stm32.10.3-2021.10.win32_1.0.0.202111181127/tools/bin/../lib/gcc/arm-none-eabi/10.3.1/thumb/v6-m/nofp/crtbegin.o
 *(.bss*)
 .bss.Transfer_Direction
                0x0000000020000028        0x4 ./Core/Src/main.o
                0x0000000020000028                Transfer_Direction
 .bss.Xfer_Complete
                0x000000002000002c        0x4 ./Core/Src/main.o
                0x000000002000002c                Xfer_Complete
 .bss.aTxBuffer
                0x0000000020000030        0x4 ./Core/Src/main.o
                0x0000000020000030                aTxBuffer
 .bss.aRxBuffer
                0x0000000020000034        0x4 ./Core/Src/main.o
                0x0000000020000034                aRxBuffer
 .bss.sharedMemory
                0x0000000020000038       0x20 ./Core/Src/main.o
                0x0000000020000038                sharedMemory
 .bss.hadc1     0x0000000020000058       0x64 ./Core/Src/main.o
                0x0000000020000058                hadc1
 .bss.hdma_adc1
                0x00000000200000bc       0x5c ./Core/Src/main.o
                0x00000000200000bc                hdma_adc1
 .bss.hcrc      0x0000000020000118       0x24 ./Core/Src/main.o
                0x0000000020000118                hcrc
 .bss.hi2c1     0x000000002000013c       0x4c ./Core/Src/main.o
                0x000000002000013c                hi2c1
 .bss.htim16    0x0000000020000188       0x4c ./Core/Src/main.o
                0x0000000020000188                htim16
 .bss.i.0       0x00000000200001d4        0x4 ./Core/Src/main.o
 .bss.uwTick    0x00000000200001d8        0x4 ./Drivers/STM32G0xx_HAL_Driver/Src/stm32g0xx_hal.o
                0x00000000200001d8                uwTick
 *(COMMON)
                0x00000000200001dc                . = ALIGN (0x4)
                0x00000000200001dc                _ebss = .
                0x00000000200001dc                __bss_end__ = _ebss

._user_heap_stack
                0x00000000200001dc      0x604 load address 0x0000000008004be4
                0x00000000200001e0                . = ALIGN (0x8)
 *fill*         0x00000000200001dc        0x4 
                [!provide]                        PROVIDE (end = .)
                0x00000000200001e0                PROVIDE (_end = .)
                0x00000000200003e0                . = (. + _Min_Heap_Size)
 *fill*         0x00000000200001e0      0x200 
                0x00000000200007e0                . = (. + _Min_Stack_Size)
 *fill*         0x00000000200003e0      0x400 
                0x00000000200007e0                . = ALIGN (0x8)

/DISCARD/
 libc.a(*)
 libm.a(*)
 libgcc.a(*)

.ARM.attributes
                0x0000000000000000       0x28
 *(.ARM.attributes)
 .ARM.attributes
                0x0000000000000000       0x1e c:/st/stm32cubeide_1.9.0/stm32cubeide/plugins/com.st.stm32cube.ide.mcu.externaltools.gnu-tools-for-stm32.10.3-2021.10.win32_1.0.0.202111181127/tools/bin/../lib/gcc/arm-none-eabi/10.3.1/thumb/v6-m/nofp/crti.o
 .ARM.attributes
                0x000000000000001e       0x2c c:/st/stm32cubeide_1.9.0/stm32cubeide/plugins/com.st.stm32cube.ide.mcu.externaltools.gnu-tools-for-stm32.10.3-2021.10.win32_1.0.0.202111181127/tools/bin/../lib/gcc/arm-none-eabi/10.3.1/thumb/v6-m/nofp/crtbegin.o
 .ARM.attributes
                0x000000000000004a       0x2c ./Core/Src/main.o
 .ARM.attributes
                0x0000000000000076       0x2c ./Core/Src/stm32g0xx_hal_msp.o
 .ARM.attributes
                0x00000000000000a2       0x2c ./Core/Src/stm32g0xx_it.o
 .ARM.attributes
                0x00000000000000ce       0x2c ./Core/Src/system_stm32g0xx.o
 .ARM.attributes
                0x00000000000000fa       0x22 ./Core/Startup/startup_stm32g031j6mx.o
 .ARM.attributes
                0x000000000000011c       0x2c ./Drivers/STM32G0xx_HAL_Driver/Src/stm32g0xx_hal.o
 .ARM.attributes
                0x0000000000000148       0x2c ./Drivers/STM32G0xx_HAL_Driver/Src/stm32g0xx_hal_adc.o
 .ARM.attributes
                0x0000000000000174       0x2c ./Drivers/STM32G0xx_HAL_Driver/Src/stm32g0xx_hal_cortex.o
 .ARM.attributes
                0x00000000000001a0       0x2c ./Drivers/STM32G0xx_HAL_Driver/Src/stm32g0xx_hal_crc.o
 .ARM.attributes
                0x00000000000001cc       0x2c ./Drivers/STM32G0xx_HAL_Driver/Src/stm32g0xx_hal_crc_ex.o
 .ARM.attributes
                0x00000000000001f8       0x2c ./Drivers/STM32G0xx_HAL_Driver/Src/stm32g0xx_hal_dma.o
 .ARM.attributes
                0x0000000000000224       0x2c ./Drivers/STM32G0xx_HAL_Driver/Src/stm32g0xx_hal_gpio.o
 .ARM.attributes
                0x0000000000000250       0x2c ./Drivers/STM32G0xx_HAL_Driver/Src/stm32g0xx_hal_i2c.o
 .ARM.attributes
                0x000000000000027c       0x2c ./Drivers/STM32G0xx_HAL_Driver/Src/stm32g0xx_hal_i2c_ex.o
 .ARM.attributes
                0x00000000000002a8       0x2c ./Drivers/STM32G0xx_HAL_Driver/Src/stm32g0xx_hal_pwr_ex.o
 .ARM.attributes
                0x00000000000002d4       0x2c ./Drivers/STM32G0xx_HAL_Driver/Src/stm32g0xx_hal_rcc.o
 .ARM.attributes
                0x0000000000000300       0x2c ./Drivers/STM32G0xx_HAL_Driver/Src/stm32g0xx_hal_rcc_ex.o
 .ARM.attributes
                0x000000000000032c       0x2c ./Drivers/STM32G0xx_HAL_Driver/Src/stm32g0xx_hal_tim.o
 .ARM.attributes
                0x0000000000000358       0x2c ./Drivers/STM32G0xx_HAL_Driver/Src/stm32g0xx_hal_tim_ex.o
 .ARM.attributes
                0x0000000000000384       0x2c c:/st/stm32cubeide_1.9.0/stm32cubeide/plugins/com.st.stm32cube.ide.mcu.externaltools.gnu-tools-for-stm32.10.3-2021.10.win32_1.0.0.202111181127/tools/bin/../lib/gcc/arm-none-eabi/10.3.1/../../../../arm-none-eabi/lib/thumb/v6-m/nofp\libc_nano.a(lib_a-init.o)
 .ARM.attributes
                0x00000000000003b0       0x2c c:/st/stm32cubeide_1.9.0/stm32cubeide/plugins/com.st.stm32cube.ide.mcu.externaltools.gnu-tools-for-stm32.10.3-2021.10.win32_1.0.0.202111181127/tools/bin/../lib/gcc/arm-none-eabi/10.3.1/../../../../arm-none-eabi/lib/thumb/v6-m/nofp\libc_nano.a(lib_a-memset.o)
 .ARM.attributes
                0x00000000000003dc       0x1e c:/st/stm32cubeide_1.9.0/stm32cubeide/plugins/com.st.stm32cube.ide.mcu.externaltools.gnu-tools-for-stm32.10.3-2021.10.win32_1.0.0.202111181127/tools/bin/../lib/gcc/arm-none-eabi/10.3.1/thumb/v6-m/nofp\libgcc.a(_udivsi3.o)
 .ARM.attributes
                0x00000000000003fa       0x1e c:/st/stm32cubeide_1.9.0/stm32cubeide/plugins/com.st.stm32cube.ide.mcu.externaltools.gnu-tools-for-stm32.10.3-2021.10.win32_1.0.0.202111181127/tools/bin/../lib/gcc/arm-none-eabi/10.3.1/thumb/v6-m/nofp\libgcc.a(_dvmd_tls.o)
 .ARM.attributes
                0x0000000000000418       0x1e c:/st/stm32cubeide_1.9.0/stm32cubeide/plugins/com.st.stm32cube.ide.mcu.externaltools.gnu-tools-for-stm32.10.3-2021.10.win32_1.0.0.202111181127/tools/bin/../lib/gcc/arm-none-eabi/10.3.1/thumb/v6-m/nofp/crtn.o
OUTPUT(STMCCPowerSupply.elf elf32-littlearm)
LOAD linker stubs
LOAD c:/st/stm32cubeide_1.9.0/stm32cubeide/plugins/com.st.stm32cube.ide.mcu.externaltools.gnu-tools-for-stm32.10.3-2021.10.win32_1.0.0.202111181127/tools/bin/../lib/gcc/arm-none-eabi/10.3.1/../../../../arm-none-eabi/lib/thumb/v6-m/nofp\libc.a
LOAD c:/st/stm32cubeide_1.9.0/stm32cubeide/plugins/com.st.stm32cube.ide.mcu.externaltools.gnu-tools-for-stm32.10.3-2021.10.win32_1.0.0.202111181127/tools/bin/../lib/gcc/arm-none-eabi/10.3.1/../../../../arm-none-eabi/lib/thumb/v6-m/nofp\libm.a
LOAD c:/st/stm32cubeide_1.9.0/stm32cubeide/plugins/com.st.stm32cube.ide.mcu.externaltools.gnu-tools-for-stm32.10.3-2021.10.win32_1.0.0.202111181127/tools/bin/../lib/gcc/arm-none-eabi/10.3.1/thumb/v6-m/nofp\libgcc.a

.debug_info     0x0000000000000000    0x111ad
 .debug_info    0x0000000000000000     0x1a37 ./Core/Src/main.o
 .debug_info    0x0000000000001a37     0x16aa ./Core/Src/stm32g0xx_hal_msp.o
 .debug_info    0x00000000000030e1      0xbd0 ./Core/Src/stm32g0xx_it.o
 .debug_info    0x0000000000003cb1      0x34d ./Core/Src/system_stm32g0xx.o
 .debug_info    0x0000000000003ffe       0x22 ./Core/Startup/startup_stm32g031j6mx.o
 .debug_info    0x0000000000004020      0xa94 ./Drivers/STM32G0xx_HAL_Driver/Src/stm32g0xx_hal.o
 .debug_info    0x0000000000004ab4     0x15f8 ./Drivers/STM32G0xx_HAL_Driver/Src/stm32g0xx_hal_adc.o
 .debug_info    0x00000000000060ac      0x8fb ./Drivers/STM32G0xx_HAL_Driver/Src/stm32g0xx_hal_cortex.o
 .debug_info    0x00000000000069a7      0x57f ./Drivers/STM32G0xx_HAL_Driver/Src/stm32g0xx_hal_crc.o
 .debug_info    0x0000000000006f26      0x37a ./Drivers/STM32G0xx_HAL_Driver/Src/stm32g0xx_hal_crc_ex.o
 .debug_info    0x00000000000072a0      0x8c8 ./Drivers/STM32G0xx_HAL_Driver/Src/stm32g0xx_hal_dma.o
 .debug_info    0x0000000000007b68      0x5d7 ./Drivers/STM32G0xx_HAL_Driver/Src/stm32g0xx_hal_gpio.o
 .debug_info    0x000000000000813f     0x22bb ./Drivers/STM32G0xx_HAL_Driver/Src/stm32g0xx_hal_i2c.o
 .debug_info    0x000000000000a3fa      0xa65 ./Drivers/STM32G0xx_HAL_Driver/Src/stm32g0xx_hal_i2c_ex.o
 .debug_info    0x000000000000ae5f      0x7b9 ./Drivers/STM32G0xx_HAL_Driver/Src/stm32g0xx_hal_pwr_ex.o
 .debug_info    0x000000000000b618      0xb63 ./Drivers/STM32G0xx_HAL_Driver/Src/stm32g0xx_hal_rcc.o
 .debug_info    0x000000000000c17b      0x804 ./Drivers/STM32G0xx_HAL_Driver/Src/stm32g0xx_hal_rcc_ex.o
 .debug_info    0x000000000000c97f     0x2e15 ./Drivers/STM32G0xx_HAL_Driver/Src/stm32g0xx_hal_tim.o
 .debug_info    0x000000000000f794     0x1a19 ./Drivers/STM32G0xx_HAL_Driver/Src/stm32g0xx_hal_tim_ex.o

.debug_abbrev   0x0000000000000000     0x26fd
 .debug_abbrev  0x0000000000000000      0x308 ./Core/Src/main.o
 .debug_abbrev  0x0000000000000308      0x26e ./Core/Src/stm32g0xx_hal_msp.o
 .debug_abbrev  0x0000000000000576      0x1b8 ./Core/Src/stm32g0xx_it.o
 .debug_abbrev  0x000000000000072e      0x116 ./Core/Src/system_stm32g0xx.o
 .debug_abbrev  0x0000000000000844       0x12 ./Core/Startup/startup_stm32g031j6mx.o
 .debug_abbrev  0x0000000000000856      0x2a9 ./Drivers/STM32G0xx_HAL_Driver/Src/stm32g0xx_hal.o
 .debug_abbrev  0x0000000000000aff      0x26c ./Drivers/STM32G0xx_HAL_Driver/Src/stm32g0xx_hal_adc.o
 .debug_abbrev  0x0000000000000d6b      0x29f ./Drivers/STM32G0xx_HAL_Driver/Src/stm32g0xx_hal_cortex.o
 .debug_abbrev  0x000000000000100a      0x1d3 ./Drivers/STM32G0xx_HAL_Driver/Src/stm32g0xx_hal_crc.o
 .debug_abbrev  0x00000000000011dd      0x130 ./Drivers/STM32G0xx_HAL_Driver/Src/stm32g0xx_hal_crc_ex.o
 .debug_abbrev  0x000000000000130d      0x1db ./Drivers/STM32G0xx_HAL_Driver/Src/stm32g0xx_hal_dma.o
 .debug_abbrev  0x00000000000014e8      0x1b9 ./Drivers/STM32G0xx_HAL_Driver/Src/stm32g0xx_hal_gpio.o
 .debug_abbrev  0x00000000000016a1      0x27e ./Drivers/STM32G0xx_HAL_Driver/Src/stm32g0xx_hal_i2c.o
 .debug_abbrev  0x000000000000191f      0x1d7 ./Drivers/STM32G0xx_HAL_Driver/Src/stm32g0xx_hal_i2c_ex.o
 .debug_abbrev  0x0000000000001af6      0x232 ./Drivers/STM32G0xx_HAL_Driver/Src/stm32g0xx_hal_pwr_ex.o
 .debug_abbrev  0x0000000000001d28      0x2a3 ./Drivers/STM32G0xx_HAL_Driver/Src/stm32g0xx_hal_rcc.o
 .debug_abbrev  0x0000000000001fcb      0x21a ./Drivers/STM32G0xx_HAL_Driver/Src/stm32g0xx_hal_rcc_ex.o
 .debug_abbrev  0x00000000000021e5      0x286 ./Drivers/STM32G0xx_HAL_Driver/Src/stm32g0xx_hal_tim.o
 .debug_abbrev  0x000000000000246b      0x292 ./Drivers/STM32G0xx_HAL_Driver/Src/stm32g0xx_hal_tim_ex.o

.debug_aranges  0x0000000000000000     0x1128
 .debug_aranges
                0x0000000000000000       0x90 ./Core/Src/main.o
 .debug_aranges
                0x0000000000000090       0x60 ./Core/Src/stm32g0xx_hal_msp.o
 .debug_aranges
                0x00000000000000f0       0x58 ./Core/Src/stm32g0xx_it.o
 .debug_aranges
                0x0000000000000148       0x28 ./Core/Src/system_stm32g0xx.o
 .debug_aranges
                0x0000000000000170       0x28 ./Core/Startup/startup_stm32g031j6mx.o
 .debug_aranges
                0x0000000000000198      0x128 ./Drivers/STM32G0xx_HAL_Driver/Src/stm32g0xx_hal.o
 .debug_aranges
                0x00000000000002c0      0x1f0 ./Drivers/STM32G0xx_HAL_Driver/Src/stm32g0xx_hal_adc.o
 .debug_aranges
                0x00000000000004b0       0xd8 ./Drivers/STM32G0xx_HAL_Driver/Src/stm32g0xx_hal_cortex.o
 .debug_aranges
                0x0000000000000588       0x60 ./Drivers/STM32G0xx_HAL_Driver/Src/stm32g0xx_hal_crc.o
 .debug_aranges
                0x00000000000005e8       0x30 ./Drivers/STM32G0xx_HAL_Driver/Src/stm32g0xx_hal_crc_ex.o
 .debug_aranges
                0x0000000000000618       0x90 ./Drivers/STM32G0xx_HAL_Driver/Src/stm32g0xx_hal_dma.o
 .debug_aranges
                0x00000000000006a8       0x60 ./Drivers/STM32G0xx_HAL_Driver/Src/stm32g0xx_hal_gpio.o
 .debug_aranges
                0x0000000000000708      0x290 ./Drivers/STM32G0xx_HAL_Driver/Src/stm32g0xx_hal_i2c.o
 .debug_aranges
                0x0000000000000998       0x48 ./Drivers/STM32G0xx_HAL_Driver/Src/stm32g0xx_hal_i2c_ex.o
 .debug_aranges
                0x00000000000009e0       0xf0 ./Drivers/STM32G0xx_HAL_Driver/Src/stm32g0xx_hal_pwr_ex.o
 .debug_aranges
                0x0000000000000ad0       0xa0 ./Drivers/STM32G0xx_HAL_Driver/Src/stm32g0xx_hal_rcc.o
 .debug_aranges
                0x0000000000000b70       0x40 ./Drivers/STM32G0xx_HAL_Driver/Src/stm32g0xx_hal_rcc_ex.o
 .debug_aranges
                0x0000000000000bb0      0x3e0 ./Drivers/STM32G0xx_HAL_Driver/Src/stm32g0xx_hal_tim.o
 .debug_aranges
                0x0000000000000f90      0x198 ./Drivers/STM32G0xx_HAL_Driver/Src/stm32g0xx_hal_tim_ex.o

.debug_ranges   0x0000000000000000     0x1000
 .debug_ranges  0x0000000000000000       0x80 ./Core/Src/main.o
 .debug_ranges  0x0000000000000080       0x50 ./Core/Src/stm32g0xx_hal_msp.o
 .debug_ranges  0x00000000000000d0       0x48 ./Core/Src/stm32g0xx_it.o
 .debug_ranges  0x0000000000000118       0x18 ./Core/Src/system_stm32g0xx.o
 .debug_ranges  0x0000000000000130       0x20 ./Core/Startup/startup_stm32g031j6mx.o
 .debug_ranges  0x0000000000000150      0x118 ./Drivers/STM32G0xx_HAL_Driver/Src/stm32g0xx_hal.o
 .debug_ranges  0x0000000000000268      0x1e0 ./Drivers/STM32G0xx_HAL_Driver/Src/stm32g0xx_hal_adc.o
 .debug_ranges  0x0000000000000448       0xc8 ./Drivers/STM32G0xx_HAL_Driver/Src/stm32g0xx_hal_cortex.o
 .debug_ranges  0x0000000000000510       0x50 ./Drivers/STM32G0xx_HAL_Driver/Src/stm32g0xx_hal_crc.o
 .debug_ranges  0x0000000000000560       0x20 ./Drivers/STM32G0xx_HAL_Driver/Src/stm32g0xx_hal_crc_ex.o
 .debug_ranges  0x0000000000000580       0x80 ./Drivers/STM32G0xx_HAL_Driver/Src/stm32g0xx_hal_dma.o
 .debug_ranges  0x0000000000000600       0x50 ./Drivers/STM32G0xx_HAL_Driver/Src/stm32g0xx_hal_gpio.o
 .debug_ranges  0x0000000000000650      0x280 ./Drivers/STM32G0xx_HAL_Driver/Src/stm32g0xx_hal_i2c.o
 .debug_ranges  0x00000000000008d0       0x38 ./Drivers/STM32G0xx_HAL_Driver/Src/stm32g0xx_hal_i2c_ex.o
 .debug_ranges  0x0000000000000908       0xe0 ./Drivers/STM32G0xx_HAL_Driver/Src/stm32g0xx_hal_pwr_ex.o
 .debug_ranges  0x00000000000009e8       0x90 ./Drivers/STM32G0xx_HAL_Driver/Src/stm32g0xx_hal_rcc.o
 .debug_ranges  0x0000000000000a78       0x30 ./Drivers/STM32G0xx_HAL_Driver/Src/stm32g0xx_hal_rcc_ex.o
 .debug_ranges  0x0000000000000aa8      0x3d0 ./Drivers/STM32G0xx_HAL_Driver/Src/stm32g0xx_hal_tim.o
 .debug_ranges  0x0000000000000e78      0x188 ./Drivers/STM32G0xx_HAL_Driver/Src/stm32g0xx_hal_tim_ex.o

.debug_macro    0x0000000000000000    0x17543
 .debug_macro   0x0000000000000000      0x235 ./Core/Src/main.o
 .debug_macro   0x0000000000000235      0xa4e ./Core/Src/main.o
 .debug_macro   0x0000000000000c83      0x129 ./Core/Src/main.o
 .debug_macro   0x0000000000000dac       0x2e ./Core/Src/main.o
 .debug_macro   0x0000000000000dda       0x28 ./Core/Src/main.o
 .debug_macro   0x0000000000000e02       0x22 ./Core/Src/main.o
 .debug_macro   0x0000000000000e24       0x8e ./Core/Src/main.o
 .debug_macro   0x0000000000000eb2       0x51 ./Core/Src/main.o
 .debug_macro   0x0000000000000f03      0x103 ./Core/Src/main.o
 .debug_macro   0x0000000000001006       0x6a ./Core/Src/main.o
 .debug_macro   0x0000000000001070      0x1df ./Core/Src/main.o
 .debug_macro   0x000000000000124f       0x1c ./Core/Src/main.o
 .debug_macro   0x000000000000126b       0x22 ./Core/Src/main.o
 .debug_macro   0x000000000000128d       0xd1 ./Core/Src/main.o
 .debug_macro   0x000000000000135e      0x4da ./Core/Src/main.o
 .debug_macro   0x0000000000001838      0x11f ./Core/Src/main.o
 .debug_macro   0x0000000000001957     0xac09 ./Core/Src/main.o
 .debug_macro   0x000000000000c560       0x66 ./Core/Src/main.o
 .debug_macro   0x000000000000c5c6     0x34fd ./Core/Src/main.o
 .debug_macro   0x000000000000fac3      0x174 ./Core/Src/main.o
 .debug_macro   0x000000000000fc37       0x5c ./Core/Src/main.o
 .debug_macro   0x000000000000fc93      0x53b ./Core/Src/main.o
 .debug_macro   0x00000000000101ce      0xf23 ./Core/Src/main.o
 .debug_macro   0x00000000000110f1      0x1d8 ./Core/Src/main.o
 .debug_macro   0x00000000000112c9      0x1cf ./Core/Src/main.o
 .debug_macro   0x0000000000011498      0x122 ./Core/Src/main.o
 .debug_macro   0x00000000000115ba      0x390 ./Core/Src/main.o
 .debug_macro   0x000000000001194a      0x202 ./Core/Src/main.o
 .debug_macro   0x0000000000011b4c      0x2ff ./Core/Src/main.o
 .debug_macro   0x0000000000011e4b      0x1b2 ./Core/Src/main.o
 .debug_macro   0x0000000000011ffd       0x43 ./Core/Src/main.o
 .debug_macro   0x0000000000012040      0x1f1 ./Core/Src/main.o
 .debug_macro   0x0000000000012231      0x8a1 ./Core/Src/main.o
 .debug_macro   0x0000000000012ad2      0x5b4 ./Core/Src/main.o
 .debug_macro   0x0000000000013086       0x2e ./Core/Src/main.o
 .debug_macro   0x00000000000130b4       0xc7 ./Core/Src/main.o
 .debug_macro   0x000000000001317b       0x4c ./Core/Src/main.o
 .debug_macro   0x00000000000131c7      0x1d6 ./Core/Src/main.o
 .debug_macro   0x000000000001339d      0x38a ./Core/Src/main.o
 .debug_macro   0x0000000000013727       0x28 ./Core/Src/main.o
 .debug_macro   0x000000000001374f       0xe4 ./Core/Src/main.o
 .debug_macro   0x0000000000013833      0x22c ./Core/Src/main.o
 .debug_macro   0x0000000000013a5f       0x67 ./Core/Src/main.o
 .debug_macro   0x0000000000013ac6       0xa5 ./Core/Src/main.o
 .debug_macro   0x0000000000013b6b      0x10c ./Core/Src/main.o
 .debug_macro   0x0000000000013c77      0x240 ./Core/Src/main.o
 .debug_macro   0x0000000000013eb7      0xabb ./Core/Src/main.o
 .debug_macro   0x0000000000014972      0x135 ./Core/Src/main.o
 .debug_macro   0x0000000000014aa7      0x49d ./Core/Src/main.o
 .debug_macro   0x0000000000014f44       0x10 ./Core/Src/main.o
 .debug_macro   0x0000000000014f54      0x22f ./Core/Src/stm32g0xx_hal_msp.o
 .debug_macro   0x0000000000015183      0x239 ./Core/Src/stm32g0xx_it.o
 .debug_macro   0x00000000000153bc      0x220 ./Core/Src/system_stm32g0xx.o
 .debug_macro   0x00000000000155dc      0x244 ./Drivers/STM32G0xx_HAL_Driver/Src/stm32g0xx_hal.o
 .debug_macro   0x0000000000015820      0x244 ./Drivers/STM32G0xx_HAL_Driver/Src/stm32g0xx_hal_adc.o
 .debug_macro   0x0000000000015a64      0x220 ./Drivers/STM32G0xx_HAL_Driver/Src/stm32g0xx_hal_cortex.o
 .debug_macro   0x0000000000015c84      0x220 ./Drivers/STM32G0xx_HAL_Driver/Src/stm32g0xx_hal_crc.o
 .debug_macro   0x0000000000015ea4      0x220 ./Drivers/STM32G0xx_HAL_Driver/Src/stm32g0xx_hal_crc_ex.o
 .debug_macro   0x00000000000160c4      0x220 ./Drivers/STM32G0xx_HAL_Driver/Src/stm32g0xx_hal_dma.o
 .debug_macro   0x00000000000162e4      0x227 ./Drivers/STM32G0xx_HAL_Driver/Src/stm32g0xx_hal_gpio.o
 .debug_macro   0x000000000001650b      0x2ec ./Drivers/STM32G0xx_HAL_Driver/Src/stm32g0xx_hal_i2c.o
 .debug_macro   0x00000000000167f7      0x220 ./Drivers/STM32G0xx_HAL_Driver/Src/stm32g0xx_hal_i2c_ex.o
 .debug_macro   0x0000000000016a17      0x24a ./Drivers/STM32G0xx_HAL_Driver/Src/stm32g0xx_hal_pwr_ex.o
 .debug_macro   0x0000000000016c61      0x25c ./Drivers/STM32G0xx_HAL_Driver/Src/stm32g0xx_hal_rcc.o
 .debug_macro   0x0000000000016ebd      0x238 ./Drivers/STM32G0xx_HAL_Driver/Src/stm32g0xx_hal_rcc_ex.o
 .debug_macro   0x00000000000170f5      0x228 ./Drivers/STM32G0xx_HAL_Driver/Src/stm32g0xx_hal_tim.o
 .debug_macro   0x000000000001731d      0x226 ./Drivers/STM32G0xx_HAL_Driver/Src/stm32g0xx_hal_tim_ex.o

.debug_line     0x0000000000000000    0x13bb6
 .debug_line    0x0000000000000000      0xa57 ./Core/Src/main.o
 .debug_line    0x0000000000000a57      0x8cd ./Core/Src/stm32g0xx_hal_msp.o
 .debug_line    0x0000000000001324      0x82f ./Core/Src/stm32g0xx_it.o
 .debug_line    0x0000000000001b53      0x7e3 ./Core/Src/system_stm32g0xx.o
 .debug_line    0x0000000000002336       0x89 ./Core/Startup/startup_stm32g031j6mx.o
 .debug_line    0x00000000000023bf      0xb31 ./Drivers/STM32G0xx_HAL_Driver/Src/stm32g0xx_hal.o
 .debug_line    0x0000000000002ef0     0x18cb ./Drivers/STM32G0xx_HAL_Driver/Src/stm32g0xx_hal_adc.o
 .debug_line    0x00000000000047bb      0xb9a ./Drivers/STM32G0xx_HAL_Driver/Src/stm32g0xx_hal_cortex.o
 .debug_line    0x0000000000005355      0xab1 ./Drivers/STM32G0xx_HAL_Driver/Src/stm32g0xx_hal_crc.o
 .debug_line    0x0000000000005e06      0x825 ./Drivers/STM32G0xx_HAL_Driver/Src/stm32g0xx_hal_crc_ex.o
 .debug_line    0x000000000000662b      0xdba ./Drivers/STM32G0xx_HAL_Driver/Src/stm32g0xx_hal_dma.o
 .debug_line    0x00000000000073e5      0xb86 ./Drivers/STM32G0xx_HAL_Driver/Src/stm32g0xx_hal_gpio.o
 .debug_line    0x0000000000007f6b     0x3408 ./Drivers/STM32G0xx_HAL_Driver/Src/stm32g0xx_hal_i2c.o
 .debug_line    0x000000000000b373      0x98e ./Drivers/STM32G0xx_HAL_Driver/Src/stm32g0xx_hal_i2c_ex.o
 .debug_line    0x000000000000bd01      0xafe ./Drivers/STM32G0xx_HAL_Driver/Src/stm32g0xx_hal_pwr_ex.o
 .debug_line    0x000000000000c7ff      0xf44 ./Drivers/STM32G0xx_HAL_Driver/Src/stm32g0xx_hal_rcc.o
 .debug_line    0x000000000000d743      0xc63 ./Drivers/STM32G0xx_HAL_Driver/Src/stm32g0xx_hal_rcc_ex.o
 .debug_line    0x000000000000e3a6     0x3ba9 ./Drivers/STM32G0xx_HAL_Driver/Src/stm32g0xx_hal_tim.o
 .debug_line    0x0000000000011f4f     0x1c67 ./Drivers/STM32G0xx_HAL_Driver/Src/stm32g0xx_hal_tim_ex.o

.debug_str      0x0000000000000000    0x96fa8
 .debug_str     0x0000000000000000    0x92c13 ./Core/Src/main.o
                                      0x934bc (size before relaxing)
 .debug_str     0x0000000000092c13      0x22c ./Core/Src/stm32g0xx_hal_msp.o
                                      0x9324d (size before relaxing)
 .debug_str     0x0000000000092e3f      0x10e ./Core/Src/stm32g0xx_it.o
                                      0x92a7a (size before relaxing)
 .debug_str     0x0000000000092f4d       0x8e ./Core/Src/system_stm32g0xx.o
                                      0x9219a (size before relaxing)
 .debug_str     0x0000000000092fdb       0x36 ./Core/Startup/startup_stm32g031j6mx.o
                                         0x82 (size before relaxing)
 .debug_str     0x0000000000093011      0x550 ./Drivers/STM32G0xx_HAL_Driver/Src/stm32g0xx_hal.o
                                      0x92970 (size before relaxing)
 .debug_str     0x0000000000093561      0x8d8 ./Drivers/STM32G0xx_HAL_Driver/Src/stm32g0xx_hal_adc.o
                                      0x92f53 (size before relaxing)
 .debug_str     0x0000000000093e39      0x253 ./Drivers/STM32G0xx_HAL_Driver/Src/stm32g0xx_hal_cortex.o
                                      0x925ec (size before relaxing)
 .debug_str     0x000000000009408c       0xd0 ./Drivers/STM32G0xx_HAL_Driver/Src/stm32g0xx_hal_crc.o
                                      0x92333 (size before relaxing)
 .debug_str     0x000000000009415c       0x69 ./Drivers/STM32G0xx_HAL_Driver/Src/stm32g0xx_hal_crc_ex.o
                                      0x922d9 (size before relaxing)
 .debug_str     0x00000000000941c5      0x264 ./Drivers/STM32G0xx_HAL_Driver/Src/stm32g0xx_hal_dma.o
                                      0x92634 (size before relaxing)
 .debug_str     0x0000000000094429      0x12a ./Drivers/STM32G0xx_HAL_Driver/Src/stm32g0xx_hal_gpio.o
                                      0x922cf (size before relaxing)
 .debug_str     0x0000000000094553      0xc94 ./Drivers/STM32G0xx_HAL_Driver/Src/stm32g0xx_hal_i2c.o
                                      0x9352a (size before relaxing)
 .debug_str     0x00000000000951e7       0xb8 ./Drivers/STM32G0xx_HAL_Driver/Src/stm32g0xx_hal_i2c_ex.o
                                      0x927ed (size before relaxing)
 .debug_str     0x000000000009529f      0x37b ./Drivers/STM32G0xx_HAL_Driver/Src/stm32g0xx_hal_pwr_ex.o
                                      0x92613 (size before relaxing)
 .debug_str     0x000000000009561a      0x345 ./Drivers/STM32G0xx_HAL_Driver/Src/stm32g0xx_hal_rcc.o
                                      0x927bd (size before relaxing)
 .debug_str     0x000000000009595f      0x185 ./Drivers/STM32G0xx_HAL_Driver/Src/stm32g0xx_hal_rcc_ex.o
                                      0x92529 (size before relaxing)
 .debug_str     0x0000000000095ae4      0xe4f ./Drivers/STM32G0xx_HAL_Driver/Src/stm32g0xx_hal_tim.o
                                      0x936cc (size before relaxing)
 .debug_str     0x0000000000096933      0x675 ./Drivers/STM32G0xx_HAL_Driver/Src/stm32g0xx_hal_tim_ex.o
                                      0x9306a (size before relaxing)

.comment        0x0000000000000000       0x50
 .comment       0x0000000000000000       0x50 ./Core/Src/main.o
                                         0x51 (size before relaxing)
 .comment       0x0000000000000050       0x51 ./Core/Src/stm32g0xx_hal_msp.o
 .comment       0x0000000000000050       0x51 ./Core/Src/stm32g0xx_it.o
 .comment       0x0000000000000050       0x51 ./Core/Src/system_stm32g0xx.o
 .comment       0x0000000000000050       0x51 ./Drivers/STM32G0xx_HAL_Driver/Src/stm32g0xx_hal.o
 .comment       0x0000000000000050       0x51 ./Drivers/STM32G0xx_HAL_Driver/Src/stm32g0xx_hal_adc.o
 .comment       0x0000000000000050       0x51 ./Drivers/STM32G0xx_HAL_Driver/Src/stm32g0xx_hal_cortex.o
 .comment       0x0000000000000050       0x51 ./Drivers/STM32G0xx_HAL_Driver/Src/stm32g0xx_hal_crc.o
 .comment       0x0000000000000050       0x51 ./Drivers/STM32G0xx_HAL_Driver/Src/stm32g0xx_hal_crc_ex.o
 .comment       0x0000000000000050       0x51 ./Drivers/STM32G0xx_HAL_Driver/Src/stm32g0xx_hal_dma.o
 .comment       0x0000000000000050       0x51 ./Drivers/STM32G0xx_HAL_Driver/Src/stm32g0xx_hal_gpio.o
 .comment       0x0000000000000050       0x51 ./Drivers/STM32G0xx_HAL_Driver/Src/stm32g0xx_hal_i2c.o
 .comment       0x0000000000000050       0x51 ./Drivers/STM32G0xx_HAL_Driver/Src/stm32g0xx_hal_i2c_ex.o
 .comment       0x0000000000000050       0x51 ./Drivers/STM32G0xx_HAL_Driver/Src/stm32g0xx_hal_pwr_ex.o
 .comment       0x0000000000000050       0x51 ./Drivers/STM32G0xx_HAL_Driver/Src/stm32g0xx_hal_rcc.o
 .comment       0x0000000000000050       0x51 ./Drivers/STM32G0xx_HAL_Driver/Src/stm32g0xx_hal_rcc_ex.o
 .comment       0x0000000000000050       0x51 ./Drivers/STM32G0xx_HAL_Driver/Src/stm32g0xx_hal_tim.o
 .comment       0x0000000000000050       0x51 ./Drivers/STM32G0xx_HAL_Driver/Src/stm32g0xx_hal_tim_ex.o

.debug_frame    0x0000000000000000     0x3e3c
 .debug_frame   0x0000000000000000      0x1dc ./Core/Src/main.o
 .debug_frame   0x00000000000001dc      0x130 ./Core/Src/stm32g0xx_hal_msp.o
 .debug_frame   0x000000000000030c       0xf0 ./Core/Src/stm32g0xx_it.o
 .debug_frame   0x00000000000003fc       0x4c ./Core/Src/system_stm32g0xx.o
 .debug_frame   0x0000000000000448      0x3fc ./Drivers/STM32G0xx_HAL_Driver/Src/stm32g0xx_hal.o
 .debug_frame   0x0000000000000844      0x78c ./Drivers/STM32G0xx_HAL_Driver/Src/stm32g0xx_hal_adc.o
 .debug_frame   0x0000000000000fd0      0x2fc ./Drivers/STM32G0xx_HAL_Driver/Src/stm32g0xx_hal_cortex.o
 .debug_frame   0x00000000000012cc      0x130 ./Drivers/STM32G0xx_HAL_Driver/Src/stm32g0xx_hal_crc.o
 .debug_frame   0x00000000000013fc       0x70 ./Drivers/STM32G0xx_HAL_Driver/Src/stm32g0xx_hal_crc_ex.o
 .debug_frame   0x000000000000146c      0x1f0 ./Drivers/STM32G0xx_HAL_Driver/Src/stm32g0xx_hal_dma.o
 .debug_frame   0x000000000000165c      0x130 ./Drivers/STM32G0xx_HAL_Driver/Src/stm32g0xx_hal_gpio.o
 .debug_frame   0x000000000000178c      0xa24 ./Drivers/STM32G0xx_HAL_Driver/Src/stm32g0xx_hal_i2c.o
 .debug_frame   0x00000000000021b0       0xd0 ./Drivers/STM32G0xx_HAL_Driver/Src/stm32g0xx_hal_i2c_ex.o
 .debug_frame   0x0000000000002280      0x32c ./Drivers/STM32G0xx_HAL_Driver/Src/stm32g0xx_hal_pwr_ex.o
 .debug_frame   0x00000000000025ac      0x214 ./Drivers/STM32G0xx_HAL_Driver/Src/stm32g0xx_hal_rcc.o
 .debug_frame   0x00000000000027c0       0xb0 ./Drivers/STM32G0xx_HAL_Driver/Src/stm32g0xx_hal_rcc_ex.o
 .debug_frame   0x0000000000002870      0xf40 ./Drivers/STM32G0xx_HAL_Driver/Src/stm32g0xx_hal_tim.o
 .debug_frame   0x00000000000037b0      0x620 ./Drivers/STM32G0xx_HAL_Driver/Src/stm32g0xx_hal_tim_ex.o
 .debug_frame   0x0000000000003dd0       0x2c c:/st/stm32cubeide_1.9.0/stm32cubeide/plugins/com.st.stm32cube.ide.mcu.externaltools.gnu-tools-for-stm32.10.3-2021.10.win32_1.0.0.202111181127/tools/bin/../lib/gcc/arm-none-eabi/10.3.1/../../../../arm-none-eabi/lib/thumb/v6-m/nofp\libc_nano.a(lib_a-init.o)
 .debug_frame   0x0000000000003dfc       0x20 c:/st/stm32cubeide_1.9.0/stm32cubeide/plugins/com.st.stm32cube.ide.mcu.externaltools.gnu-tools-for-stm32.10.3-2021.10.win32_1.0.0.202111181127/tools/bin/../lib/gcc/arm-none-eabi/10.3.1/../../../../arm-none-eabi/lib/thumb/v6-m/nofp\libc_nano.a(lib_a-memset.o)
 .debug_frame   0x0000000000003e1c       0x20 c:/st/stm32cubeide_1.9.0/stm32cubeide/plugins/com.st.stm32cube.ide.mcu.externaltools.gnu-tools-for-stm32.10.3-2021.10.win32_1.0.0.202111181127/tools/bin/../lib/gcc/arm-none-eabi/10.3.1/thumb/v6-m/nofp\libgcc.a(_udivsi3.o)
