../Core/Src/main.c:89:6:HAL_TIM_PeriodElapsedCallback	16	static
../Core/Src/main.c:117:5:main	8	static
../Core/Src/main.c:200:6:SystemClock_Config	88	static
../Core/Src/main.c:247:13:MX_ADC1_Init	24	static
../Core/Src/main.c:305:13:MX_CRC_Init	8	static
../Core/Src/main.c:336:13:MX_I2C1_Init	8	static
../Core/Src/main.c:384:13:MX_TIM16_Init	8	static
../Core/Src/main.c:414:13:MX_DMA_Init	16	static
../Core/Src/main.c:432:13:MX_GPIO_Init	48	static
../Core/Src/main.c:462:6:HAL_I2C_SlaveTxCpltCallback	16	static
../Core/Src/main.c:480:6:HAL_I2C_SlaveRxCpltCallback	16	static
../Core/Src/main.c:505:6:HAL_I2C_AddrCallback	16	static
../Core/Src/main.c:545:6:HAL_I2C_ListenCpltCallback	16	static
../Core/Src/main.c:556:6:HAL_I2C_ErrorCallback	16	static
../Core/Src/main.c:575:6:Error_Handler	8	static,ignoring_inline_asm
