../Core/Src/main.c:91:6:HAL_TIM_PeriodElapsedCallback	16	static
../Core/Src/main.c:119:5:main	8	static
../Core/Src/main.c:207:6:SystemClock_Config	88	static
../Core/Src/main.c:254:13:MX_ADC1_Init	24	static
../Core/Src/main.c:312:13:MX_CRC_Init	8	static
../Core/Src/main.c:343:13:MX_I2C1_Init	8	static
../Core/Src/main.c:391:13:MX_TIM3_Init	48	static
../Core/Src/main.c:440:13:MX_TIM16_Init	8	static
../Core/Src/main.c:470:13:MX_DMA_Init	16	static
../Core/Src/main.c:488:13:MX_GPIO_Init	48	static
../Core/Src/main.c:518:6:HAL_I2C_SlaveTxCpltCallback	16	static
../Core/Src/main.c:536:6:HAL_I2C_SlaveRxCpltCallback	16	static
../Core/Src/main.c:561:6:HAL_I2C_AddrCallback	16	static
../Core/Src/main.c:601:6:HAL_I2C_ListenCpltCallback	16	static
../Core/Src/main.c:612:6:HAL_I2C_ErrorCallback	16	static
../Core/Src/main.c:631:6:Error_Handler	8	static,ignoring_inline_asm
